server/firebase-auth.ts(71,25): error TS2339: Property 'email' does not exist on type 'Omit<{}, "password">'.
server/firebase-auth.ts(72,28): error TS2339: Property 'fullName' does not exist on type 'Omit<{}, "password">'.
server/firebase-auth.ts(73,25): error TS2339: Property 'phone' does not exist on type 'Omit<{}, "password">'.
server/firebase-auth.ts(74,24): error TS2339: Property 'role' does not exist on type 'Omit<{}, "password">'.
server/firebase-auth.ts(75,38): error TS2339: Property 'verificationStatus' does not exist on type 'Omit<{}, "password">'.
server/firebase-auth.ts(76,30): error TS2339: Property 'cnicNumber' does not exist on type 'Omit<{}, "password">'.
server/firebase-auth.ts(77,32): error TS2339: Property 'profileImage' does not exist on type 'Omit<{}, "password">'.
server/firebase-auth.ts(83,9): error TS2353: Object literal may only specify known properties, and 'password' does not exist in type '{} & { id?: string; }'.
server/firebase-auth.ts(179,11): error TS2353: Object literal may only specify known properties, and 'password' does not exist in type '{} & { id?: string; }'.
server/firebase-storage.ts(314,7): error TS2739: Type 'Query<DocumentData, DocumentData>' is missing the following properties from type 'CollectionReference<DocumentData, DocumentData>': id, path, parent
server/firebase-storage.ts(316,7): error TS2739: Type 'Query<DocumentData, DocumentData>' is missing the following properties from type 'CollectionReference<DocumentData, DocumentData>': id, path, parent
server/firebase-storage.ts(405,7): error TS2739: Type 'Query<DocumentData, DocumentData>' is missing the following properties from type 'CollectionReference<DocumentData, DocumentData>': id, path, parent
server/firebase-storage.ts(407,7): error TS2739: Type 'Query<DocumentData, DocumentData>' is missing the following properties from type 'CollectionReference<DocumentData, DocumentData>': id, path, parent
server/firebase-storage.ts(484,7): error TS2739: Type 'Query<DocumentData, DocumentData>' is missing the following properties from type 'CollectionReference<DocumentData, DocumentData>': id, path, parent
server/firebase-storage.ts(486,7): error TS2739: Type 'Query<DocumentData, DocumentData>' is missing the following properties from type 'CollectionReference<DocumentData, DocumentData>': id, path, parent
server/firebase-storage.ts(560,7): error TS2739: Type 'Query<DocumentData, DocumentData>' is missing the following properties from type 'CollectionReference<DocumentData, DocumentData>': id, path, parent
server/firebase-storage.ts(562,7): error TS2739: Type 'Query<DocumentData, DocumentData>' is missing the following properties from type 'CollectionReference<DocumentData, DocumentData>': id, path, parent
server/mongodb-models.ts(215,18): error TS2430: Interface 'DisputeDocument' incorrectly extends interface 'Omit<{ title: string; id: string; description: string; status: "open" | "in_progress" | "resolved" | "closed"; contractId: string; resolution: string; evidence: unknown; createdAt: Date; updatedAt: Date; raisedBy: string; againstUser: string; resolvedBy: string; resolvedAt: Date; }, "id">'.
  Property 'evidence' is optional in type 'DisputeDocument' but required in type 'Omit<{ title: string; id: string; description: string; status: "open" | "in_progress" | "resolved" | "closed"; contractId: string; resolution: string; evidence: unknown; createdAt: Date; updatedAt: Date; raisedBy: string; againstUser: string; resolvedBy: string; resolvedAt: Date; }, "id">'.
server/mongodb-storage.ts(290,33): error TS2339: Property 'monthlyRent' does not exist on type '{ duration?: string | number; startDate?: Date; endDate?: Date; }'.
server/mongodb-storage.ts(291,37): error TS2339: Property 'securityDeposit' does not exist on type '{ duration?: string | number; startDate?: Date; endDate?: Date; }'.
server/routes.ts(240,81): error TS2339: Property 'email' does not exist on type '{}'.
server/routes.ts(250,23): error TS2339: Property 'email' does not exist on type '{}'.
server/routes.ts(251,23): error TS2339: Property 'password' does not exist on type '{}'.
server/routes.ts(253,32): error TS2339: Property 'email' does not exist on type '{}'.
server/routes.ts(254,35): error TS2339: Property 'fullName' does not exist on type '{}'.
server/routes.ts(255,32): error TS2339: Property 'phone' does not exist on type '{}'.
server/routes.ts(256,31): error TS2339: Property 'role' does not exist on type '{}'.
server/routes.ts(257,37): error TS2339: Property 'cnicNumber' does not exist on type '{}'.
server/routes.ts(258,39): error TS2339: Property 'profileImage' does not exist on type '{}'.
server/routes.ts(650,16): error TS2552: Cannot find name 'properties'. Did you mean 'allProperties'?
server/routes.ts(984,38): error TS2304: Cannot find name 'isMongoDBConnected'.
server/storage.ts(131,15): error TS2769: No overload matches this call.
  Overload 1 of 2, '(value: { email: string | SQL<unknown> | Placeholder<string, any>; password: string | SQL<unknown> | Placeholder<string, any>; fullName: string | SQL<unknown> | Placeholder<...>; }): PgInsertBase<...>', gave the following error.
    Argument of type '{}' is not assignable to parameter of type '{ email: string | SQL<unknown> | Placeholder<string, any>; password: string | SQL<unknown> | Placeholder<string, any>; fullName: string | SQL<unknown> | Placeholder<...>; }'.
      Type '{}' is missing the following properties from type '{ email: string | SQL<unknown> | Placeholder<string, any>; password: string | SQL<unknown> | Placeholder<string, any>; fullName: string | SQL<unknown> | Placeholder<...>; }': email, password, fullName
  Overload 2 of 2, '(values: { email: string | SQL<unknown> | Placeholder<string, any>; password: string | SQL<unknown> | Placeholder<string, any>; fullName: string | SQL<unknown> | Placeholder<...>; }[]): PgInsertBase<...>', gave the following error.
    Argument of type '{}' is not assignable to parameter of type '{ email: string | SQL<unknown> | Placeholder<string, any>; password: string | SQL<unknown> | Placeholder<string, any>; fullName: string | SQL<unknown> | Placeholder<...>; }[]'.
      Type '{}' is missing the following properties from type '{ email: string | SQL<unknown> | Placeholder<string, any>; password: string | SQL<unknown> | Placeholder<string, any>; fullName: string | SQL<unknown> | Placeholder<...>; }[]': length, pop, push, concat, and 35 more.
server/storage.ts(139,26): error TS2353: Object literal may only specify known properties, and 'updatedAt' does not exist in type '{ email?: string | SQL<unknown> | PgColumn<ColumnBaseConfig<ColumnDataType, string>, {}, {}>; password?: string | SQL<unknown> | PgColumn<...>; fullName?: string | ... 1 more ... | PgColumn<...>; }'.
server/storage.ts(148,14): error TS2353: Object literal may only specify known properties, and 'verificationStatus' does not exist in type '{ email?: string | SQL<unknown> | PgColumn<ColumnBaseConfig<ColumnDataType, string>, {}, {}>; password?: string | SQL<unknown> | PgColumn<...>; fullName?: string | ... 1 more ... | PgColumn<...>; }'.
server/storage.ts(189,7): error TS2740: Type 'Omit<PgSelectBase<"properties", { id: PgColumn<{ name: "id"; tableName: "properties"; dataType: "string"; columnType: "PgVarchar"; data: string; driverParam: string; notNull: true; hasDefault: true; isPrimaryKey: true; ... 5 more ...; generated: undefined; }, {}, { ...; }>; ... 17 more ...; updatedAt: PgColumn<...>;...' is missing the following properties from type 'PgSelectBase<"properties", { id: PgColumn<{ name: "id"; tableName: "properties"; dataType: "string"; columnType: "PgVarchar"; data: string; driverParam: string; notNull: true; hasDefault: true; isPrimaryKey: true; ... 5 more ...; generated: undefined; }, {}, { ...; }>; ... 17 more ...; updatedAt: PgColumn<...>; }, ....': config, joinsNotNullableMap, tableName, isPartialSelect, and 5 more.
server/storage.ts(192,5): error TS2740: Type 'Omit<PgSelectBase<"properties", { id: PgColumn<{ name: "id"; tableName: "properties"; dataType: "string"; columnType: "PgVarchar"; data: string; driverParam: string; notNull: true; hasDefault: true; isPrimaryKey: true; ... 5 more ...; generated: undefined; }, {}, { ...; }>; ... 17 more ...; updatedAt: PgColumn<...>;...' is missing the following properties from type 'PgSelectBase<"properties", { id: PgColumn<{ name: "id"; tableName: "properties"; dataType: "string"; columnType: "PgVarchar"; data: string; driverParam: string; notNull: true; hasDefault: true; isPrimaryKey: true; ... 5 more ...; generated: undefined; }, {}, { ...; }>; ... 17 more ...; updatedAt: PgColumn<...>; }, ....': config, joinsNotNullableMap, tableName, isPartialSelect, and 5 more.
server/storage.ts(195,7): error TS2740: Type 'Omit<PgSelectBase<"properties", { id: PgColumn<{ name: "id"; tableName: "properties"; dataType: "string"; columnType: "PgVarchar"; data: string; driverParam: string; notNull: true; hasDefault: true; isPrimaryKey: true; ... 5 more ...; generated: undefined; }, {}, { ...; }>; ... 17 more ...; updatedAt: PgColumn<...>;...' is missing the following properties from type 'PgSelectBase<"properties", { id: PgColumn<{ name: "id"; tableName: "properties"; dataType: "string"; columnType: "PgVarchar"; data: string; driverParam: string; notNull: true; hasDefault: true; isPrimaryKey: true; ... 5 more ...; generated: undefined; }, {}, { ...; }>; ... 17 more ...; updatedAt: PgColumn<...>; }, ....': config, joinsNotNullableMap, tableName, isPartialSelect, and 5 more.
server/storage.ts(198,7): error TS2740: Type 'Omit<PgSelectBase<"properties", { id: PgColumn<{ name: "id"; tableName: "properties"; dataType: "string"; columnType: "PgVarchar"; data: string; driverParam: string; notNull: true; hasDefault: true; isPrimaryKey: true; ... 5 more ...; generated: undefined; }, {}, { ...; }>; ... 17 more ...; updatedAt: PgColumn<...>;...' is missing the following properties from type 'PgSelectBase<"properties", { id: PgColumn<{ name: "id"; tableName: "properties"; dataType: "string"; columnType: "PgVarchar"; data: string; driverParam: string; notNull: true; hasDefault: true; isPrimaryKey: true; ... 5 more ...; generated: undefined; }, {}, { ...; }>; ... 17 more ...; updatedAt: PgColumn<...>; }, ....': config, joinsNotNullableMap, tableName, isPartialSelect, and 5 more.
server/storage.ts(218,15): error TS2769: No overload matches this call.
  Overload 1 of 2, '(value: { address: string | SQL<unknown> | Placeholder<string, any>; area: string | SQL<unknown> | Placeholder<string, any>; title: string | SQL<unknown> | Placeholder<...>; landlordId: string | ... 1 more ... | Placeholder<...>; city: string | ... 1 more ... | Placeholder<...>; propertyType: "apartment" | ... 4 more ... | Placeholder<...>; monthlyRent: string | ... 1 more ... | Placeholder<...>; }): PgInsertBase<...>', gave the following error.
    Argument of type '{}' is not assignable to parameter of type '{ address: string | SQL<unknown> | Placeholder<string, any>; area: string | SQL<unknown> | Placeholder<string, any>; title: string | SQL<unknown> | Placeholder<string, any>; landlordId: string | ... 1 more ... | Placeholder<...>; city: string | ... 1 more ... | Placeholder<...>; propertyType: "apartment" | ... 4 mor...'.
      Type '{}' is missing the following properties from type '{ address: string | SQL<unknown> | Placeholder<string, any>; area: string | SQL<unknown> | Placeholder<string, any>; title: string | SQL<unknown> | Placeholder<string, any>; landlordId: string | ... 1 more ... | Placeholder<...>; city: string | ... 1 more ... | Placeholder<...>; propertyType: "apartment" | ... 4 mor...': address, area, title, landlordId, and 3 more.
  Overload 2 of 2, '(values: { address: string | SQL<unknown> | Placeholder<string, any>; area: string | SQL<unknown> | Placeholder<string, any>; title: string | SQL<unknown> | Placeholder<...>; landlordId: string | ... 1 more ... | Placeholder<...>; city: string | ... 1 more ... | Placeholder<...>; propertyType: "apartment" | ... 4 more ... | Placeholder<...>; monthlyRent: string | ... 1 more ... | Placeholder<...>; }[]): PgInsertBase<...>', gave the following error.
    Argument of type '{}' is not assignable to parameter of type '{ address: string | SQL<unknown> | Placeholder<string, any>; area: string | SQL<unknown> | Placeholder<string, any>; title: string | SQL<unknown> | Placeholder<string, any>; landlordId: string | ... 1 more ... | Placeholder<...>; city: string | ... 1 more ... | Placeholder<...>; propertyType: "apartment" | ... 4 mor...'.
      Type '{}' is missing the following properties from type '{ address: string | SQL<unknown> | Placeholder<string, any>; area: string | SQL<unknown> | Placeholder<string, any>; title: string | SQL<unknown> | Placeholder<string, any>; landlordId: string | ... 1 more ... | Placeholder<...>; city: string | ... 1 more ... | Placeholder<...>; propertyType: "apartment" | ... 4 mor...': length, pop, push, concat, and 35 more.
server/storage.ts(226,26): error TS2353: Object literal may only specify known properties, and 'updatedAt' does not exist in type '{ address?: string | SQL<unknown> | PgColumn<ColumnBaseConfig<ColumnDataType, string>, {}, {}>; area?: string | SQL<unknown> | PgColumn<ColumnBaseConfig<...>, {}, {}>; ... 4 more ...; monthlyRent?: string | ... 1 more ... | PgColumn<...>; }'.
server/storage.ts(259,7): error TS2740: Type 'Omit<PgSelectBase<"contracts", { id: PgColumn<{ name: "id"; tableName: "contracts"; dataType: "string"; columnType: "PgVarchar"; data: string; driverParam: string; notNull: true; hasDefault: true; isPrimaryKey: true; ... 5 more ...; generated: undefined; }, {}, { ...; }>; ... 12 more ...; updatedAt: PgColumn<...>; }...' is missing the following properties from type 'PgSelectBase<"contracts", { id: PgColumn<{ name: "id"; tableName: "contracts"; dataType: "string"; columnType: "PgVarchar"; data: string; driverParam: string; notNull: true; hasDefault: true; isPrimaryKey: true; ... 5 more ...; generated: undefined; }, {}, { ...; }>; ... 12 more ...; updatedAt: PgColumn<...>; }, ......': config, joinsNotNullableMap, tableName, isPartialSelect, and 5 more.
server/storage.ts(262,5): error TS2740: Type 'Omit<PgSelectBase<"contracts", { id: PgColumn<{ name: "id"; tableName: "contracts"; dataType: "string"; columnType: "PgVarchar"; data: string; driverParam: string; notNull: true; hasDefault: true; isPrimaryKey: true; ... 5 more ...; generated: undefined; }, {}, { ...; }>; ... 12 more ...; updatedAt: PgColumn<...>; }...' is missing the following properties from type 'PgSelectBase<"contracts", { id: PgColumn<{ name: "id"; tableName: "contracts"; dataType: "string"; columnType: "PgVarchar"; data: string; driverParam: string; notNull: true; hasDefault: true; isPrimaryKey: true; ... 5 more ...; generated: undefined; }, {}, { ...; }>; ... 12 more ...; updatedAt: PgColumn<...>; }, ......': config, joinsNotNullableMap, tableName, isPartialSelect, and 5 more.
server/storage.ts(265,7): error TS2740: Type 'Omit<PgSelectBase<"contracts", { id: PgColumn<{ name: "id"; tableName: "contracts"; dataType: "string"; columnType: "PgVarchar"; data: string; driverParam: string; notNull: true; hasDefault: true; isPrimaryKey: true; ... 5 more ...; generated: undefined; }, {}, { ...; }>; ... 12 more ...; updatedAt: PgColumn<...>; }...' is missing the following properties from type 'PgSelectBase<"contracts", { id: PgColumn<{ name: "id"; tableName: "contracts"; dataType: "string"; columnType: "PgVarchar"; data: string; driverParam: string; notNull: true; hasDefault: true; isPrimaryKey: true; ... 5 more ...; generated: undefined; }, {}, { ...; }>; ... 12 more ...; updatedAt: PgColumn<...>; }, ......': config, joinsNotNullableMap, tableName, isPartialSelect, and 5 more.
server/storage.ts(268,7): error TS2740: Type 'Omit<PgSelectBase<"contracts", { id: PgColumn<{ name: "id"; tableName: "contracts"; dataType: "string"; columnType: "PgVarchar"; data: string; driverParam: string; notNull: true; hasDefault: true; isPrimaryKey: true; ... 5 more ...; generated: undefined; }, {}, { ...; }>; ... 12 more ...; updatedAt: PgColumn<...>; }...' is missing the following properties from type 'PgSelectBase<"contracts", { id: PgColumn<{ name: "id"; tableName: "contracts"; dataType: "string"; columnType: "PgVarchar"; data: string; driverParam: string; notNull: true; hasDefault: true; isPrimaryKey: true; ... 5 more ...; generated: undefined; }, {}, { ...; }>; ... 12 more ...; updatedAt: PgColumn<...>; }, ......': config, joinsNotNullableMap, tableName, isPartialSelect, and 5 more.
server/storage.ts(282,15): error TS2769: No overload matches this call.
  Overload 1 of 2, '(value: { propertyId: string | SQL<unknown> | Placeholder<string, any>; landlordId: string | SQL<unknown> | Placeholder<string, any>; monthlyRent: string | SQL<...> | Placeholder<...>; securityDeposit: string | ... 1 more ... | Placeholder<...>; tenantId: string | ... 1 more ... | Placeholder<...>; startDate: Date | ... 1 more ... | Placeholder<...>; endDate: Date | ... 1 more ... | Placeholder<...>; }): PgInsertBase<...>', gave the following error.
    Argument of type '{ duration?: string | number; startDate?: Date; endDate?: Date; }' is not assignable to parameter of type '{ propertyId: string | SQL<unknown> | Placeholder<string, any>; landlordId: string | SQL<unknown> | Placeholder<string, any>; monthlyRent: string | SQL<...> | Placeholder<...>; securityDeposit: string | ... 1 more ... | Placeholder<...>; tenantId: string | ... 1 more ... | Placeholder<...>; startDate: Date | ... 1 m...'.
      Type '{ duration?: string | number; startDate?: Date; endDate?: Date; }' is missing the following properties from type '{ propertyId: string | SQL<unknown> | Placeholder<string, any>; landlordId: string | SQL<unknown> | Placeholder<string, any>; monthlyRent: string | SQL<...> | Placeholder<...>; securityDeposit: string | ... 1 more ... | Placeholder<...>; tenantId: string | ... 1 more ... | Placeholder<...>; startDate: Date | ... 1 m...': propertyId, landlordId, monthlyRent, securityDeposit, tenantId
  Overload 2 of 2, '(values: { propertyId: string | SQL<unknown> | Placeholder<string, any>; landlordId: string | SQL<unknown> | Placeholder<string, any>; monthlyRent: string | SQL<...> | Placeholder<...>; securityDeposit: string | ... 1 more ... | Placeholder<...>; tenantId: string | ... 1 more ... | Placeholder<...>; startDate: Date | ... 1 more ... | Placeholder<...>; endDate: Date | ... 1 more ... | Placeholder<...>; }[]): PgInsertBase<...>', gave the following error.
    Argument of type '{ duration?: string | number; startDate?: Date; endDate?: Date; }' is not assignable to parameter of type '{ propertyId: string | SQL<unknown> | Placeholder<string, any>; landlordId: string | SQL<unknown> | Placeholder<string, any>; monthlyRent: string | SQL<...> | Placeholder<...>; securityDeposit: string | ... 1 more ... | Placeholder<...>; tenantId: string | ... 1 more ... | Placeholder<...>; startDate: Date | ... 1 m...'.
      Type '{ duration?: string | number; startDate?: Date; endDate?: Date; }' is missing the following properties from type '{ propertyId: string | SQL<unknown> | Placeholder<string, any>; landlordId: string | SQL<unknown> | Placeholder<string, any>; monthlyRent: string | SQL<...> | Placeholder<...>; securityDeposit: string | ... 1 more ... | Placeholder<...>; tenantId: string | ... 1 more ... | Placeholder<...>; startDate: Date | ... 1 m...': length, pop, push, concat, and 35 more.
server/storage.ts(290,26): error TS2353: Object literal may only specify known properties, and 'updatedAt' does not exist in type '{ propertyId?: string | SQL<unknown> | PgColumn<ColumnBaseConfig<ColumnDataType, string>, {}, {}>; landlordId?: string | SQL<unknown> | PgColumn<...>; ... 4 more ...; endDate?: Date | ... 1 more ... | PgColumn<...>; }'.
server/storage.ts(323,7): error TS2740: Type 'Omit<PgSelectBase<"payments", { id: PgColumn<{ name: "id"; tableName: "payments"; dataType: "string"; columnType: "PgVarchar"; data: string; driverParam: string; notNull: true; hasDefault: true; isPrimaryKey: true; ... 5 more ...; generated: undefined; }, {}, { ...; }>; ... 11 more ...; updatedAt: PgColumn<...>; }, ...' is missing the following properties from type 'PgSelectBase<"payments", { id: PgColumn<{ name: "id"; tableName: "payments"; dataType: "string"; columnType: "PgVarchar"; data: string; driverParam: string; notNull: true; hasDefault: true; isPrimaryKey: true; isAutoincrement: false; ... 4 more ...; generated: undefined; }, {}, { ...; }>; ... 11 more ...; updatedAt:...': config, joinsNotNullableMap, tableName, isPartialSelect, and 5 more.
server/storage.ts(326,5): error TS2740: Type 'Omit<PgSelectBase<"payments", { id: PgColumn<{ name: "id"; tableName: "payments"; dataType: "string"; columnType: "PgVarchar"; data: string; driverParam: string; notNull: true; hasDefault: true; isPrimaryKey: true; ... 5 more ...; generated: undefined; }, {}, { ...; }>; ... 11 more ...; updatedAt: PgColumn<...>; }, ...' is missing the following properties from type 'PgSelectBase<"payments", { id: PgColumn<{ name: "id"; tableName: "payments"; dataType: "string"; columnType: "PgVarchar"; data: string; driverParam: string; notNull: true; hasDefault: true; isPrimaryKey: true; isAutoincrement: false; ... 4 more ...; generated: undefined; }, {}, { ...; }>; ... 11 more ...; updatedAt:...': config, joinsNotNullableMap, tableName, isPartialSelect, and 5 more.
server/storage.ts(329,7): error TS2740: Type 'Omit<PgSelectBase<"payments", { id: PgColumn<{ name: "id"; tableName: "payments"; dataType: "string"; columnType: "PgVarchar"; data: string; driverParam: string; notNull: true; hasDefault: true; isPrimaryKey: true; ... 5 more ...; generated: undefined; }, {}, { ...; }>; ... 11 more ...; updatedAt: PgColumn<...>; }, ...' is missing the following properties from type 'PgSelectBase<"payments", { id: PgColumn<{ name: "id"; tableName: "payments"; dataType: "string"; columnType: "PgVarchar"; data: string; driverParam: string; notNull: true; hasDefault: true; isPrimaryKey: true; isAutoincrement: false; ... 4 more ...; generated: undefined; }, {}, { ...; }>; ... 11 more ...; updatedAt:...': config, joinsNotNullableMap, tableName, isPartialSelect, and 5 more.
server/storage.ts(332,7): error TS2740: Type 'Omit<PgSelectBase<"payments", { id: PgColumn<{ name: "id"; tableName: "payments"; dataType: "string"; columnType: "PgVarchar"; data: string; driverParam: string; notNull: true; hasDefault: true; isPrimaryKey: true; ... 5 more ...; generated: undefined; }, {}, { ...; }>; ... 11 more ...; updatedAt: PgColumn<...>; }, ...' is missing the following properties from type 'PgSelectBase<"payments", { id: PgColumn<{ name: "id"; tableName: "payments"; dataType: "string"; columnType: "PgVarchar"; data: string; driverParam: string; notNull: true; hasDefault: true; isPrimaryKey: true; isAutoincrement: false; ... 4 more ...; generated: undefined; }, {}, { ...; }>; ... 11 more ...; updatedAt:...': config, joinsNotNullableMap, tableName, isPartialSelect, and 5 more.
server/storage.ts(346,15): error TS2769: No overload matches this call.
  Overload 1 of 2, '(value: { landlordId: string | SQL<unknown> | Placeholder<string, any>; amount: string | SQL<unknown> | Placeholder<string, any>; contractId: string | SQL<unknown> | Placeholder<...>; tenantId: string | ... 1 more ... | Placeholder<...>; dueDate: Date | ... 1 more ... | Placeholder<...>; }): PgInsertBase<...>', gave the following error.
    Argument of type '{ dueDate?: Date; paidDate?: Date; }' is not assignable to parameter of type '{ landlordId: string | SQL<unknown> | Placeholder<string, any>; amount: string | SQL<unknown> | Placeholder<string, any>; contractId: string | SQL<unknown> | Placeholder<...>; tenantId: string | ... 1 more ... | Placeholder<...>; dueDate: Date | ... 1 more ... | Placeholder<...>; }'.
      Type '{ dueDate?: Date; paidDate?: Date; }' is missing the following properties from type '{ landlordId: string | SQL<unknown> | Placeholder<string, any>; amount: string | SQL<unknown> | Placeholder<string, any>; contractId: string | SQL<unknown> | Placeholder<...>; tenantId: string | ... 1 more ... | Placeholder<...>; dueDate: Date | ... 1 more ... | Placeholder<...>; }': landlordId, amount, contractId, tenantId
  Overload 2 of 2, '(values: { landlordId: string | SQL<unknown> | Placeholder<string, any>; amount: string | SQL<unknown> | Placeholder<string, any>; contractId: string | SQL<unknown> | Placeholder<...>; tenantId: string | ... 1 more ... | Placeholder<...>; dueDate: Date | ... 1 more ... | Placeholder<...>; }[]): PgInsertBase<...>', gave the following error.
    Argument of type '{ dueDate?: Date; paidDate?: Date; }' is not assignable to parameter of type '{ landlordId: string | SQL<unknown> | Placeholder<string, any>; amount: string | SQL<unknown> | Placeholder<string, any>; contractId: string | SQL<unknown> | Placeholder<...>; tenantId: string | ... 1 more ... | Placeholder<...>; dueDate: Date | ... 1 more ... | Placeholder<...>; }[]'.
      Type '{ dueDate?: Date; paidDate?: Date; }' is missing the following properties from type '{ landlordId: string | SQL<unknown> | Placeholder<string, any>; amount: string | SQL<unknown> | Placeholder<string, any>; contractId: string | SQL<unknown> | Placeholder<...>; tenantId: string | ... 1 more ... | Placeholder<...>; dueDate: Date | ... 1 more ... | Placeholder<...>; }[]': length, pop, push, concat, and 35 more.
server/storage.ts(354,26): error TS2353: Object literal may only specify known properties, and 'updatedAt' does not exist in type '{ landlordId?: string | SQL<unknown> | PgColumn<ColumnBaseConfig<ColumnDataType, string>, {}, {}>; amount?: string | SQL<unknown> | PgColumn<...>; contractId?: string | ... 1 more ... | PgColumn<...>; tenantId?: string | ... 1 more ... | PgColumn<...>; dueDate?: Date | ... 1 more ... | PgColumn<...>; }'.
server/storage.ts(385,7): error TS2740: Type 'Omit<PgSelectBase<"documents", { id: PgColumn<{ name: "id"; tableName: "documents"; dataType: "string"; columnType: "PgVarchar"; data: string; driverParam: string; notNull: true; hasDefault: true; isPrimaryKey: true; ... 5 more ...; generated: undefined; }, {}, { ...; }>; ... 9 more ...; createdAt: PgColumn<...>; },...' is missing the following properties from type 'PgSelectBase<"documents", { id: PgColumn<{ name: "id"; tableName: "documents"; dataType: "string"; columnType: "PgVarchar"; data: string; driverParam: string; notNull: true; hasDefault: true; isPrimaryKey: true; ... 5 more ...; generated: undefined; }, {}, { ...; }>; ... 9 more ...; createdAt: PgColumn<...>; }, ... ...': config, joinsNotNullableMap, tableName, isPartialSelect, and 5 more.
server/storage.ts(388,5): error TS2740: Type 'Omit<PgSelectBase<"documents", { id: PgColumn<{ name: "id"; tableName: "documents"; dataType: "string"; columnType: "PgVarchar"; data: string; driverParam: string; notNull: true; hasDefault: true; isPrimaryKey: true; ... 5 more ...; generated: undefined; }, {}, { ...; }>; ... 9 more ...; createdAt: PgColumn<...>; },...' is missing the following properties from type 'PgSelectBase<"documents", { id: PgColumn<{ name: "id"; tableName: "documents"; dataType: "string"; columnType: "PgVarchar"; data: string; driverParam: string; notNull: true; hasDefault: true; isPrimaryKey: true; ... 5 more ...; generated: undefined; }, {}, { ...; }>; ... 9 more ...; createdAt: PgColumn<...>; }, ... ...': config, joinsNotNullableMap, tableName, isPartialSelect, and 5 more.
server/storage.ts(401,15): error TS2769: No overload matches this call.
  Overload 1 of 2, '(value: { type: string | SQL<unknown> | Placeholder<string, any>; userId: string | SQL<unknown> | Placeholder<string, any>; fileName: string | SQL<unknown> | Placeholder<...>; filePath: string | ... 1 more ... | Placeholder<...>; }): PgInsertBase<...>', gave the following error.
    Argument of type '{}' is not assignable to parameter of type '{ type: string | SQL<unknown> | Placeholder<string, any>; userId: string | SQL<unknown> | Placeholder<string, any>; fileName: string | SQL<unknown> | Placeholder<...>; filePath: string | ... 1 more ... | Placeholder<...>; }'.
      Type '{}' is missing the following properties from type '{ type: string | SQL<unknown> | Placeholder<string, any>; userId: string | SQL<unknown> | Placeholder<string, any>; fileName: string | SQL<unknown> | Placeholder<...>; filePath: string | ... 1 more ... | Placeholder<...>; }': type, userId, fileName, filePath
  Overload 2 of 2, '(values: { type: string | SQL<unknown> | Placeholder<string, any>; userId: string | SQL<unknown> | Placeholder<string, any>; fileName: string | SQL<unknown> | Placeholder<...>; filePath: string | ... 1 more ... | Placeholder<...>; }[]): PgInsertBase<...>', gave the following error.
    Argument of type '{}' is not assignable to parameter of type '{ type: string | SQL<unknown> | Placeholder<string, any>; userId: string | SQL<unknown> | Placeholder<string, any>; fileName: string | SQL<unknown> | Placeholder<...>; filePath: string | ... 1 more ... | Placeholder<...>; }[]'.
      Type '{}' is missing the following properties from type '{ type: string | SQL<unknown> | Placeholder<string, any>; userId: string | SQL<unknown> | Placeholder<string, any>; fileName: string | SQL<unknown> | Placeholder<...>; filePath: string | ... 1 more ... | Placeholder<...>; }[]': length, pop, push, concat, and 35 more.
server/storage.ts(438,7): error TS2740: Type 'Omit<PgSelectBase<"disputes", { id: PgColumn<{ name: "id"; tableName: "disputes"; dataType: "string"; columnType: "PgVarchar"; data: string; driverParam: string; notNull: true; hasDefault: true; isPrimaryKey: true; ... 5 more ...; generated: undefined; }, {}, { ...; }>; ... 11 more ...; updatedAt: PgColumn<...>; }, ...' is missing the following properties from type 'PgSelectBase<"disputes", { id: PgColumn<{ name: "id"; tableName: "disputes"; dataType: "string"; columnType: "PgVarchar"; data: string; driverParam: string; notNull: true; hasDefault: true; isPrimaryKey: true; isAutoincrement: false; ... 4 more ...; generated: undefined; }, {}, { ...; }>; ... 11 more ...; updatedAt:...': config, joinsNotNullableMap, tableName, isPartialSelect, and 5 more.
server/storage.ts(441,5): error TS2740: Type 'Omit<PgSelectBase<"disputes", { id: PgColumn<{ name: "id"; tableName: "disputes"; dataType: "string"; columnType: "PgVarchar"; data: string; driverParam: string; notNull: true; hasDefault: true; isPrimaryKey: true; ... 5 more ...; generated: undefined; }, {}, { ...; }>; ... 11 more ...; updatedAt: PgColumn<...>; }, ...' is missing the following properties from type 'PgSelectBase<"disputes", { id: PgColumn<{ name: "id"; tableName: "disputes"; dataType: "string"; columnType: "PgVarchar"; data: string; driverParam: string; notNull: true; hasDefault: true; isPrimaryKey: true; isAutoincrement: false; ... 4 more ...; generated: undefined; }, {}, { ...; }>; ... 11 more ...; updatedAt:...': config, joinsNotNullableMap, tableName, isPartialSelect, and 5 more.
server/storage.ts(444,7): error TS2740: Type 'Omit<PgSelectBase<"disputes", { id: PgColumn<{ name: "id"; tableName: "disputes"; dataType: "string"; columnType: "PgVarchar"; data: string; driverParam: string; notNull: true; hasDefault: true; isPrimaryKey: true; ... 5 more ...; generated: undefined; }, {}, { ...; }>; ... 11 more ...; updatedAt: PgColumn<...>; }, ...' is missing the following properties from type 'PgSelectBase<"disputes", { id: PgColumn<{ name: "id"; tableName: "disputes"; dataType: "string"; columnType: "PgVarchar"; data: string; driverParam: string; notNull: true; hasDefault: true; isPrimaryKey: true; isAutoincrement: false; ... 4 more ...; generated: undefined; }, {}, { ...; }>; ... 11 more ...; updatedAt:...': config, joinsNotNullableMap, tableName, isPartialSelect, and 5 more.
server/storage.ts(447,7): error TS2740: Type 'Omit<PgSelectBase<"disputes", { id: PgColumn<{ name: "id"; tableName: "disputes"; dataType: "string"; columnType: "PgVarchar"; data: string; driverParam: string; notNull: true; hasDefault: true; isPrimaryKey: true; ... 5 more ...; generated: undefined; }, {}, { ...; }>; ... 11 more ...; updatedAt: PgColumn<...>; }, ...' is missing the following properties from type 'PgSelectBase<"disputes", { id: PgColumn<{ name: "id"; tableName: "disputes"; dataType: "string"; columnType: "PgVarchar"; data: string; driverParam: string; notNull: true; hasDefault: true; isPrimaryKey: true; isAutoincrement: false; ... 4 more ...; generated: undefined; }, {}, { ...; }>; ... 11 more ...; updatedAt:...': config, joinsNotNullableMap, tableName, isPartialSelect, and 5 more.
server/storage.ts(461,15): error TS2769: No overload matches this call.
  Overload 1 of 2, '(value: { title: string | SQL<unknown> | Placeholder<string, any>; description: string | SQL<unknown> | Placeholder<string, any>; contractId: string | SQL<unknown> | Placeholder<...>; raisedBy: string | ... 1 more ... | Placeholder<...>; againstUser: string | ... 1 more ... | Placeholder<...>; }): PgInsertBase<...>', gave the following error.
    Argument of type '{}' is not assignable to parameter of type '{ title: string | SQL<unknown> | Placeholder<string, any>; description: string | SQL<unknown> | Placeholder<string, any>; contractId: string | SQL<unknown> | Placeholder<...>; raisedBy: string | ... 1 more ... | Placeholder<...>; againstUser: string | ... 1 more ... | Placeholder<...>; }'.
      Type '{}' is missing the following properties from type '{ title: string | SQL<unknown> | Placeholder<string, any>; description: string | SQL<unknown> | Placeholder<string, any>; contractId: string | SQL<unknown> | Placeholder<...>; raisedBy: string | ... 1 more ... | Placeholder<...>; againstUser: string | ... 1 more ... | Placeholder<...>; }': title, description, contractId, raisedBy, againstUser
  Overload 2 of 2, '(values: { title: string | SQL<unknown> | Placeholder<string, any>; description: string | SQL<unknown> | Placeholder<string, any>; contractId: string | SQL<unknown> | Placeholder<...>; raisedBy: string | ... 1 more ... | Placeholder<...>; againstUser: string | ... 1 more ... | Placeholder<...>; }[]): PgInsertBase<...>', gave the following error.
    Argument of type '{}' is not assignable to parameter of type '{ title: string | SQL<unknown> | Placeholder<string, any>; description: string | SQL<unknown> | Placeholder<string, any>; contractId: string | SQL<unknown> | Placeholder<...>; raisedBy: string | ... 1 more ... | Placeholder<...>; againstUser: string | ... 1 more ... | Placeholder<...>; }[]'.
      Type '{}' is missing the following properties from type '{ title: string | SQL<unknown> | Placeholder<string, any>; description: string | SQL<unknown> | Placeholder<string, any>; contractId: string | SQL<unknown> | Placeholder<...>; raisedBy: string | ... 1 more ... | Placeholder<...>; againstUser: string | ... 1 more ... | Placeholder<...>; }[]': length, pop, push, concat, and 35 more.
server/storage.ts(469,26): error TS2353: Object literal may only specify known properties, and 'updatedAt' does not exist in type '{ title?: string | SQL<unknown> | PgColumn<ColumnBaseConfig<ColumnDataType, string>, {}, {}>; description?: string | SQL<unknown> | PgColumn<...>; contractId?: string | ... 1 more ... | PgColumn<...>; raisedBy?: string | ... 1 more ... | PgColumn<...>; againstUser?: string | ... 1 more ... | PgColumn<...>; }'.
server/storage.ts(496,7): error TS2740: Type 'Omit<PgSelectBase<"reviews", { id: PgColumn<{ name: "id"; tableName: "reviews"; dataType: "string"; columnType: "PgVarchar"; data: string; driverParam: string; notNull: true; hasDefault: true; isPrimaryKey: true; isAutoincrement: false; ... 4 more ...; generated: undefined; }, {}, { ...; }>; ... 6 more ...; createdA...' is missing the following properties from type 'PgSelectBase<"reviews", { id: PgColumn<{ name: "id"; tableName: "reviews"; dataType: "string"; columnType: "PgVarchar"; data: string; driverParam: string; notNull: true; hasDefault: true; isPrimaryKey: true; isAutoincrement: false; ... 4 more ...; generated: undefined; }, {}, { ...; }>; ... 6 more ...; createdAt: Pg...': config, joinsNotNullableMap, tableName, isPartialSelect, and 5 more.
server/storage.ts(499,5): error TS2740: Type 'Omit<PgSelectBase<"reviews", { id: PgColumn<{ name: "id"; tableName: "reviews"; dataType: "string"; columnType: "PgVarchar"; data: string; driverParam: string; notNull: true; hasDefault: true; isPrimaryKey: true; isAutoincrement: false; ... 4 more ...; generated: undefined; }, {}, { ...; }>; ... 6 more ...; createdA...' is missing the following properties from type 'PgSelectBase<"reviews", { id: PgColumn<{ name: "id"; tableName: "reviews"; dataType: "string"; columnType: "PgVarchar"; data: string; driverParam: string; notNull: true; hasDefault: true; isPrimaryKey: true; isAutoincrement: false; ... 4 more ...; generated: undefined; }, {}, { ...; }>; ... 6 more ...; createdAt: Pg...': config, joinsNotNullableMap, tableName, isPartialSelect, and 5 more.
server/storage.ts(507,15): error TS2769: No overload matches this call.
  Overload 1 of 2, '(value: { contractId: string | SQL<unknown> | Placeholder<string, any>; reviewerId: string | SQL<unknown> | Placeholder<string, any>; revieweeId: string | SQL<...> | Placeholder<...>; rating: number | ... 1 more ... | Placeholder<...>; }): PgInsertBase<...>', gave the following error.
    Argument of type '{}' is not assignable to parameter of type '{ contractId: string | SQL<unknown> | Placeholder<string, any>; reviewerId: string | SQL<unknown> | Placeholder<string, any>; revieweeId: string | SQL<...> | Placeholder<...>; rating: number | ... 1 more ... | Placeholder<...>; }'.
      Type '{}' is missing the following properties from type '{ contractId: string | SQL<unknown> | Placeholder<string, any>; reviewerId: string | SQL<unknown> | Placeholder<string, any>; revieweeId: string | SQL<...> | Placeholder<...>; rating: number | ... 1 more ... | Placeholder<...>; }': contractId, reviewerId, revieweeId, rating
  Overload 2 of 2, '(values: { contractId: string | SQL<unknown> | Placeholder<string, any>; reviewerId: string | SQL<unknown> | Placeholder<string, any>; revieweeId: string | SQL<...> | Placeholder<...>; rating: number | ... 1 more ... | Placeholder<...>; }[]): PgInsertBase<...>', gave the following error.
    Argument of type '{}' is not assignable to parameter of type '{ contractId: string | SQL<unknown> | Placeholder<string, any>; reviewerId: string | SQL<unknown> | Placeholder<string, any>; revieweeId: string | SQL<...> | Placeholder<...>; rating: number | ... 1 more ... | Placeholder<...>; }[]'.
      Type '{}' is missing the following properties from type '{ contractId: string | SQL<unknown> | Placeholder<string, any>; reviewerId: string | SQL<unknown> | Placeholder<string, any>; revieweeId: string | SQL<...> | Placeholder<...>; rating: number | ... 1 more ... | Placeholder<...>; }[]': length, pop, push, concat, and 35 more.
shared/schema.ts(245,3): error TS2322: Type 'boolean' is not assignable to type 'never'.
shared/schema.ts(246,3): error TS2322: Type 'boolean' is not assignable to type 'never'.
shared/schema.ts(247,3): error TS2322: Type 'boolean' is not assignable to type 'never'.
shared/schema.ts(251,3): error TS2322: Type 'boolean' is not assignable to type 'never'.
shared/schema.ts(252,3): error TS2322: Type 'boolean' is not assignable to type 'never'.
shared/schema.ts(253,3): error TS2322: Type 'boolean' is not assignable to type 'never'.
shared/schema.ts(259,5): error TS2322: Type 'boolean' is not assignable to type 'never'.
shared/schema.ts(260,5): error TS2322: Type 'boolean' is not assignable to type 'never'.
shared/schema.ts(261,5): error TS2322: Type 'boolean' is not assignable to type 'never'.
shared/schema.ts(262,5): error TS2322: Type 'boolean' is not assignable to type 'never'.
shared/schema.ts(263,5): error TS2322: Type 'boolean' is not assignable to type 'never'.
shared/schema.ts(272,3): error TS2322: Type 'boolean' is not assignable to type 'never'.
shared/schema.ts(273,3): error TS2322: Type 'boolean' is not assignable to type 'never'.
shared/schema.ts(274,3): error TS2322: Type 'boolean' is not assignable to type 'never'.
shared/schema.ts(285,3): error TS2322: Type 'boolean' is not assignable to type 'never'.
shared/schema.ts(286,3): error TS2322: Type 'boolean' is not assignable to type 'never'.
shared/schema.ts(290,3): error TS2322: Type 'boolean' is not assignable to type 'never'.
shared/schema.ts(291,3): error TS2322: Type 'boolean' is not assignable to type 'never'.
shared/schema.ts(292,3): error TS2322: Type 'boolean' is not assignable to type 'never'.
shared/schema.ts(296,3): error TS2322: Type 'boolean' is not assignable to type 'never'.
shared/schema.ts(297,3): error TS2322: Type 'boolean' is not assignable to type 'never'.
tests/setup.ts(12,1): error TS2304: Cannot find name 'beforeAll'.
tests/setup.ts(13,17): error TS2708: Cannot use namespace 'jest' as a value.
tests/setup.ts(14,19): error TS2708: Cannot use namespace 'jest' as a value.
tests/setup.ts(17,1): error TS2304: Cannot find name 'afterAll'.
